ERROR: GameLog player.motor.invalid_carry_tolerance (step=1 locomotion=player.grapple.maximum_distance source=player.grapple.maximum_distance reason=invalid_request kind=9)
   at: push_error (core/variant/variant_utility.cpp:1023)
   GDScript backtrace (most recent call first):
       [0] record_invariant (res://game/app/logging/game_log.gd:28)
       [1] _record_rejection (res://game/player/motor/player_motor.gd:1558)
       [2] _reject_submission (res://game/player/motor/player_motor.gd:1492)
       [3] _submit_submission (res://game/player/motor/player_motor.gd:631)
       [4] submit_maximum_anchor_distance (res://game/player/motor/player_motor.gd:482)
       [5] test_negative_carry_tolerance_is_rejected_like_any_out_of_bound_value (res://tests/player/grapple/test_grapple_moving_target_contract.gd:1158)
       [6] _run_test (res://addons/gut/gut.gd:622)
       [7] _test_the_scripts (res://addons/gut/gut.gd:835)
       [8] _run_test (res://addons/gut/gut.gd:650)
       [9] test_freed_target_terminates_exactly_once_with_target_destroyed (res://tests/player/grapple/test_grapple_moving_target_contract.gd:490)
ERROR: GameLog player.grapple.activation_stale_result (step=1 locomotion= source= reason=stale_result kind=-1)
   at: push_error (core/variant/variant_utility.cpp:1023)
   GDScript backtrace (most recent call first):
       [0] record_invariant (res://game/app/logging/game_log.gd:28)
       [1] _reject_grapple_activation (res://scripts/player_controller.gd:1304)
       [2] try_start_grapple (res://scripts/player_controller.gd:1260)
       [3] test_stale_or_missing_results_reject_activation_without_partial_state (res://tests/player/grapple/test_grapple_targeting_integration.gd:359)
ERROR: GameLog player.grapple.activation_missing_result (step=1 locomotion= source= reason=missing_result kind=-1)
   at: push_error (core/variant/variant_utility.cpp:1023)
   GDScript backtrace (most recent call first):
       [0] record_invariant (res://game/app/logging/game_log.gd:28)
       [1] _reject_grapple_activation (res://scripts/player_controller.gd:1304)
       [2] try_start_grapple (res://scripts/player_controller.gd:1251)
       [3] test_stale_or_missing_results_reject_activation_without_partial_state (res://tests/player/grapple/test_grapple_targeting_integration.gd:371)
ERROR: GameLog player.motor.baseline_active_frame (step=7 locomotion= source= reason=conflicting_active_frame kind=-1)
   at: push_error (core/variant/variant_utility.cpp:1023)
   GDScript backtrace (most recent call first):
       [0] record_invariant (res://game/app/logging/game_log.gd:28)
       [1] _record_rejection (res://game/player/motor/player_motor.gd:1558)
       [2] set_next_frame_velocity_baseline (res://game/player/motor/player_motor.gd:718)
       [3] commit_surface_reanchor (res://game/player/abilities/grapple/grapple_controller.gd:246)
       [4] test_prepared_transaction_range_stale_geometry_and_motor_rejections_are_atomic (res://tests/player/grapple/test_wall_stick_reanchor.gd:218)
       [5] _spawn (res://tests/player/grapple/test_wall_stick_reanchor.gd:328)
       [6] _ticks (res://tests/player/grapple/test_wall_stick_reanchor.gd:333)
ERROR: PlayerInputSource rejected non-monotonic physics step 1 after 2.
   at: push_error (core/variant/variant_utility.cpp:1023)
   GDScript backtrace (most recent call first):
       [0] capture_command_frame (res://game/player/input/player_input_source.gd:143)
       [1] test_non_monotonic_step_is_rejected_without_replacing_cached_frame (res://tests/player/input/test_player_input_source.gd:245)
       [2] _run_test (res://addons/gut/gut.gd:622)
       [3] _test_the_scripts (res://addons/gut/gut.gd:835)
ERROR: PlayerInputSource requires InputMap action 'missing_story_1_2_action'.
   at: push_error (core/variant/variant_utility.cpp:1023)
   GDScript backtrace (most recent call first):
       [0] _fail_initialization (res://game/player/input/player_input_source.gd:434)
       [1] initialize (res://game/player/input/player_input_source.gd:93)
       [2] test_invalid_required_action_initialization_is_explicit_and_inactive (res://tests/player/input/test_player_input_source.gd:295)
       [3] _run_test (res://addons/gut/gut.gd:622)
       [4] _test_the_scripts (res://addons/gut/gut.gd:835)
ERROR: PlayerInputSource requires a valid player body and camera pivot.
   at: push_error (core/variant/variant_utility.cpp:1023)
   GDScript backtrace (most recent call first):
       [0] _fail_initialization (res://game/player/input/player_input_source.gd:434)
       [1] initialize (res://game/player/input/player_input_source.gd:77)
       [2] test_missing_node_dependency_is_explicit_and_inactive (res://tests/player/input/test_player_input_source.gd:306)
       [3] _run_test (res://addons/gut/gut.gd:622)
       [4] _test_the_scripts (res://addons/gut/gut.gd:835)
ERROR: PlayerController command frame requested before a valid physics-step commit.
   at: push_error (core/variant/variant_utility.cpp:1023)
   GDScript backtrace (most recent call first):
       [0] get_player_command_frame (res://scripts/player_controller.gd:489)
       [1] _update (res://scripts/player_wall_stick_state.gd:11)
       [2] test_empty_command_frame_cannot_bypass_forward_hold_policy (res://tests/player/locomotion/test_wall_stick_attachment.gd:166)
       [3] _spawn (res://tests/player/locomotion/test_wall_stick_attachment.gd:248)
       [4] _ticks (res://tests/player/locomotion/test_wall_stick_attachment.gd:253)
ERROR: PlayerController requires a valid WallStickDefinition.
   at: push_error (core/variant/variant_utility.cpp:1023)
   GDScript backtrace (most recent call first):
       [0] _ready (res://scripts/player_controller.gd:247)
       [1] test_missing_and_invalid_stick_definition_deactivate_composition (res://tests/player/locomotion/test_wall_stick_review_hardening.gd:29)
       [2] _run_test (res://addons/gut/gut.gd:622)
       [3] _test_the_scripts (res://addons/gut/gut.gd:835)
ERROR: PlayerController requires a valid WallStickDefinition.
   at: push_error (core/variant/variant_utility.cpp:1023)
   GDScript backtrace (most recent call first):
       [0] _ready (res://scripts/player_controller.gd:247)
       [1] test_missing_and_invalid_stick_definition_deactivate_composition (res://tests/player/locomotion/test_wall_stick_review_hardening.gd:29)
ERROR: GameLog player.motor.duplicate_occurrence (step=12 locomotion=player.jump.wall source=player.jump.wall reason=duplicate_occurrence kind=5)
   at: push_error (core/variant/variant_utility.cpp:1023)
   GDScript backtrace (most recent call first):
       [0] record_invariant (res://game/app/logging/game_log.gd:28)
       [1] _record_rejection (res://game/player/motor/player_motor.gd:1558)
       [2] _reject_submission (res://game/player/motor/player_motor.gd:1492)
       [3] _submit_submission (res://game/player/motor/player_motor.gd:666)
       [4] submit_one_shot_impulse (res://game/player/motor/player_motor.gd:411)
       [5] test_wall_jump_impulse_is_occurrence_identified_and_rejects_the_double_apply (res://tests/player/locomotion/test_wall_traversal_contract.gd:388)
       [6] _run_test (res://addons/gut/gut.gd:622)
       [7] _test_the_scripts (res://addons/gut/gut.gd:835)
ERROR: GameLog player.motor.exclusive_policy_conflict (step=33 locomotion= source= reason=exclusive_policy_conflict kind=-1)
   at: push_error (core/variant/variant_utility.cpp:1023)
   GDScript backtrace (most recent call first):
       [0] record_invariant (res://game/app/logging/game_log.gd:28)
       [1] _record_rejection (res://game/player/motor/player_motor.gd:1558)
       [2] _reject_result (res://game/player/motor/player_motor.gd:1464)
       [3] resolve_and_commit (res://game/player/motor/player_motor.gd:776)
       [4] test_wall_stick_and_wall_run_hold_frame_rules_stay_exclusive (res://tests/player/locomotion/test_wall_traversal_contract.gd:515)
       [5] _run_test (res://addons/gut/gut.gd:622)
       [6] _test_the_scripts (res://addons/gut/gut.gd:835)
ERROR: GameLog player.motor.missing_body (step=-1 locomotion= source= reason=not_initialized kind=-1)
   at: push_error (core/variant/variant_utility.cpp:1023)
   GDScript backtrace (most recent call first):
       [0] record_invariant (res://game/app/logging/game_log.gd:28)
       [1] _record_rejection (res://game/player/motor/player_motor.gd:1558)
       [2] initialize (res://game/player/motor/player_motor.gd:155)
       [3] test_initialization_is_typed_and_fails_closed (res://tests/player/motor/test_player_motor.gd:6)
       [4] _run_test (res://addons/gut/gut.gd:622)
       [5] _test_the_scripts (res://addons/gut/gut.gd:835)
ERROR: GameLog player.motor.wrong_body (step=-1 locomotion= source= reason=invalid_request kind=-1)
   at: push_error (core/variant/variant_utility.cpp:1023)
   GDScript backtrace (most recent call first):
       [0] record_invariant (res://game/app/logging/game_log.gd:28)
       [1] _record_rejection (res://game/player/motor/player_motor.gd:1558)
       [2] initialize (res://game/player/motor/player_motor.gd:164)
       [3] test_initialization_is_typed_and_fails_closed (res://tests/player/motor/test_player_motor.gd:13)
       [4] _run_test (res://addons/gut/gut.gd:622)
       [5] _test_the_scripts (res://addons/gut/gut.gd:835)
ERROR: GameLog player.motor.body_not_in_tree (step=-1 locomotion= source= reason=invalid_body kind=-1)
   at: push_error (core/variant/variant_utility.cpp:1023)
   GDScript backtrace (most recent call first):
       [0] record_invariant (res://game/app/logging/game_log.gd:28)
       [1] _record_rejection (res://game/player/motor/player_motor.gd:1558)
       [2] initialize (res://game/player/motor/player_motor.gd:174)
       [3] test_initialization_is_typed_and_fails_closed (res://tests/player/motor/test_player_motor.gd:20)
       [4] _run_test (res://addons/gut/gut.gd:622)
       [5] _test_the_scripts (res://addons/gut/gut.gd:835)
ERROR: GameLog player.motor.already_initialized (step=-1 locomotion= source= reason=invalid_request kind=-1)
   at: push_error (core/variant/variant_utility.cpp:1023)
   GDScript backtrace (most recent call first):
       [0] record_invariant (res://game/app/logging/game_log.gd:28)
       [1] _record_rejection (res://game/player/motor/player_motor.gd:1558)
       [2] initialize (res://game/player/motor/player_motor.gd:146)
       [3] test_initialization_is_typed_and_fails_closed (res://tests/player/motor/test_player_motor.gd:33)
       [4] _run_test (res://addons/gut/gut.gd:622)
       [5] _test_the_scripts (res://addons/gut/gut.gd:835)
ERROR: GameLog player.motor.duplicate_active_frame (step=3 locomotion= source= reason=duplicate_step kind=-1)
   at: push_error (core/variant/variant_utility.cpp:1023)
   GDScript backtrace (most recent call first):
       [0] record_invariant (res://game/app/logging/game_log.gd:28)
       [1] _record_rejection (res://game/player/motor/player_motor.gd:1558)
       [2] begin_motion_frame (res://game/player/motor/player_motor.gd:298)
       [3] test_duplicate_begin_and_commit_cannot_move_body_again (res://tests/player/motor/test_player_motor.gd:102)
       [4] _run_test (res://addons/gut/gut.gd:622)
       [5] _test_the_scripts (res://addons/gut/gut.gd:835)
ERROR: GameLog player.motor.duplicate_commit (step=3 locomotion=player.locomotion.airborne source= reason=duplicate_commit kind=-1)
   at: push_error (core/variant/variant_utility.cpp:1023)
   GDScript backtrace (most recent call first):
       [0] record_invariant (res://game/app/logging/game_log.gd:28)
       [1] _record_rejection (res://game/player/motor/player_motor.gd:1558)
       [2] _reject_result (res://game/player/motor/player_motor.gd:1464)
       [3] resolve_and_commit (res://game/player/motor/player_motor.gd:760)
       [4] test_duplicate_begin_and_commit_cannot_move_body_again (res://tests/player/motor/test_player_motor.gd:112)
       [5] _run_test (res://addons/gut/gut.gd:622)
       [6] _test_the_scripts (res://addons/gut/gut.gd:835)
ERROR: GameLog player.motor.exclusive_policy_conflict (step=6 locomotion= source= reason=exclusive_policy_conflict kind=-1)
   at: push_error (core/variant/variant_utility.cpp:1023)
   GDScript backtrace (most recent call first):
       [0] record_invariant (res://game/app/logging/game_log.gd:28)
       [1] _record_rejection (res://game/player/motor/player_motor.gd:1558)
       [2] _reject_result (res://game/player/motor/player_motor.gd:1464)
       [3] resolve_and_commit (res://game/player/motor/player_motor.gd:776)
       [4] test_structural_policy_conflict_aborts_without_body_mutation (res://tests/player/motor/test_player_motor.gd:137)
       [5] _run_test (res://addons/gut/gut.gd:622)
       [6] _test_the_scripts (res://addons/gut/gut.gd:835)
ERROR: GameLog player.motor.no_active_motion_frame (step=-1 locomotion= source=player.gravity.default reason=no_active_frame kind=3)
   at: push_error (core/variant/variant_utility.cpp:1023)
   GDScript backtrace (most recent call first):
       [0] record_invariant (res://game/app/logging/game_log.gd:28)
       [1] _record_rejection (res://game/player/motor/player_motor.gd:1558)
       [2] _reject_submission (res://game/player/motor/player_motor.gd:1492)
       [3] _submit_submission (res://game/player/motor/player_motor.gd:514)
       [4] submit_gravity (res://game/player/motor/player_motor.gd:388)
       [5] test_invalid_values_duplicate_sources_and_occurrences_fail_closed (res://tests/player/motor/test_player_motor.gd:152)
       [6] _run_test (res://addons/gut/gut.gd:622)
       [7] _test_the_scripts (res://addons/gut/gut.gd:835)
ERROR: GameLog player.motor.stale_physics_step (step=0 locomotion=player.gravity.stale source=player.gravity.stale reason=stale_step kind=3)
   at: push_error (core/variant/variant_utility.cpp:1023)
   GDScript backtrace (most recent call first):
       [0] record_invariant (res://game/app/logging/game_log.gd:28)
       [1] _record_rejection (res://game/player/motor/player_motor.gd:1558)
       [2] _reject_submission (res://game/player/motor/player_motor.gd:1492)
       [3] _submit_submission (res://game/player/motor/player_motor.gd:539)
       [4] test_invalid_values_duplicate_sources_and_occurrences_fail_closed (res://tests/player/motor/test_player_motor.gd:158)
       [5] _run_test (res://addons/gut/gut.gd:622)
       [6] _test_the_scripts (res://addons/gut/gut.gd:835)
ERROR: GameLog player.motor.non_finite_value (step=1 locomotion=player.gravity.invalid source=player.gravity.invalid reason=non_finite_value kind=3)
   at: push_error (core/variant/variant_utility.cpp:1023)
   GDScript backtrace (most recent call first):
       [0] record_invariant (res://game/app/logging/game_log.gd:28)
       [1] _record_rejection (res://game/player/motor/player_motor.gd:1558)
       [2] _reject_submission (res://game/player/motor/player_motor.gd:1492)
       [3] _submit_submission (res://game/player/motor/player_motor.gd:640)
       [4] submit_gravity (res://game/player/motor/player_motor.gd:388)
       [5] test_invalid_values_duplicate_sources_and_occurrences_fail_closed (res://tests/player/motor/test_player_motor.gd:160)
       [6] _run_test (res://addons/gut/gut.gd:622)
       [7] _test_the_scripts (res://addons/gut/gut.gd:835)
ERROR: GameLog player.motor.empty_source_id (step=1 locomotion= source= reason=empty_source_id kind=4)
   at: push_error (core/variant/variant_utility.cpp:1023)
   GDScript backtrace (most recent call first):
       [0] record_invariant (res://game/app/logging/game_log.gd:28)
       [1] _record_rejection (res://game/player/motor/player_motor.gd:1558)
       [2] _reject_submission (res://game/player/motor/player_motor.gd:1492)
       [3] _submit_submission (res://game/player/motor/player_motor.gd:558)
       [4] submit_sustained_acceleration (res://game/player/motor/player_motor.gd:397)
       [5] test_invalid_values_duplicate_sources_and_occurrences_fail_closed (res://tests/player/motor/test_player_motor.gd:165)
       [6] _run_test (res://addons/gut/gut.gd:622)
       [7] _test_the_scripts (res://addons/gut/gut.gd:835)
ERROR: GameLog player.motor.duplicate_source (step=1 locomotion=player.base.duplicate source=player.base.duplicate reason=duplicate_source kind=2)
   at: push_error (core/variant/variant_utility.cpp:1023)
   GDScript backtrace (most recent call first):
       [0] record_invariant (res://game/app/logging/game_log.gd:28)
       [1] _record_rejection (res://game/player/motor/player_motor.gd:1558)
       [2] _reject_submission (res://game/player/motor/player_motor.gd:1492)
       [3] _submit_submission (res://game/player/motor/player_motor.gd:675)
       [4] submit_base_motion (res://game/player/motor/player_motor.gd:375)
       [5] test_invalid_values_duplicate_sources_and_occurrences_fail_closed (res://tests/player/motor/test_player_motor.gd:174)
       [6] _run_test (res://addons/gut/gut.gd:622)
       [7] _test_the_scripts (res://addons/gut/gut.gd:835)
ERROR: GameLog player.motor.duplicate_occurrence (step=1 locomotion=player.jump.ground source=player.jump.ground reason=duplicate_occurrence kind=5)
   at: push_error (core/variant/variant_utility.cpp:1023)
   GDScript backtrace (most recent call first):
       [0] record_invariant (res://game/app/logging/game_log.gd:28)
       [1] _record_rejection (res://game/player/motor/player_motor.gd:1558)
       [2] _reject_submission (res://game/player/motor/player_motor.gd:1492)
       [3] _submit_submission (res://game/player/motor/player_motor.gd:666)
       [4] submit_one_shot_impulse (res://game/player/motor/player_motor.gd:411)
       [5] test_invalid_values_duplicate_sources_and_occurrences_fail_closed (res://tests/player/motor/test_player_motor.gd:188)
       [6] _run_test (res://addons/gut/gut.gd:622)
       [7] _test_the_scripts (res://addons/gut/gut.gd:835)
ERROR: GameLog player.motor.illegal_phase_or_kind (step=1 locomotion=player.cap.invalid source=player.cap.invalid reason=illegal_phase_or_kind kind=8)
   at: push_error (core/variant/variant_utility.cpp:1023)
   GDScript backtrace (most recent call first):
       [0] record_invariant (res://game/app/logging/game_log.gd:28)
       [1] _record_rejection (res://game/player/motor/player_motor.gd:1558)
       [2] _reject_submission (res://game/player/motor/player_motor.gd:1492)
       [3] _submit_submission (res://game/player/motor/player_motor.gd:548)
       [4] test_typed_submission_contract_rejects_mismatched_kinds_scopes_sources_and_vectors (res://tests/player/motor/test_player_motor.gd:220)
       [5] _run_test (res://addons/gut/gut.gd:622)
       [6] _test_the_scripts (res://addons/gut/gut.gd:835)
ERROR: GameLog player.motor.unstable_source_id (step=1 locomotion=player source=player reason=unstable_source_id kind=4)
   at: push_error (core/variant/variant_utility.cpp:1023)
   GDScript backtrace (most recent call first):
       [0] record_invariant (res://game/app/logging/game_log.gd:28)
       [1] _record_rejection (res://game/player/motor/player_motor.gd:1558)
       [2] _reject_submission (res://game/player/motor/player_motor.gd:1492)
       [3] _submit_submission (res://game/player/motor/player_motor.gd:558)
       [4] submit_sustained_acceleration (res://game/player/motor/player_motor.gd:397)
       [5] test_typed_submission_contract_rejects_mismatched_kinds_scopes_sources_and_vectors (res://tests/player/motor/test_player_motor.gd:226)
       [6] _run_test (res://addons/gut/gut.gd:622)
       [7] _test_the_scripts (res://addons/gut/gut.gd:835)
ERROR: GameLog player.motor.unstable_source_id (step=1 locomotion=Player.invalid source=Player.invalid reason=unstable_source_id kind=4)
   at: push_error (core/variant/variant_utility.cpp:1023)
   GDScript backtrace (most recent call first):
       [0] record_invariant (res://game/app/logging/game_log.gd:28)
       [1] _record_rejection (res://game/player/motor/player_motor.gd:1558)
       [2] _reject_submission (res://game/player/motor/player_motor.gd:1492)
       [3] _submit_submission (res://game/player/motor/player_motor.gd:558)
       [4] submit_sustained_acceleration (res://game/player/motor/player_motor.gd:397)
       [5] test_typed_submission_contract_rejects_mismatched_kinds_scopes_sources_and_vectors (res://tests/player/motor/test_player_motor.gd:231)
       [6] _run_test (res://addons/gut/gut.gd:622)
       [7] _test_the_scripts (res://addons/gut/gut.gd:835)
ERROR: GameLog player.motor.unsupported_cap_scope (step=1 locomotion=player.cap.horizontal source=player.cap.horizontal reason=unsupported_cap_scope kind=8)
   at: push_error (core/variant/variant_utility.cpp:1023)
   GDScript backtrace (most recent call first):
       [0] record_invariant (res://game/app/logging/game_log.gd:28)
       [1] _record_rejection (res://game/player/motor/player_motor.gd:1558)
       [2] _reject_submission (res://game/player/motor/player_motor.gd:1492)
       [3] _submit_submission (res://game/player/motor/player_motor.gd:601)
       [4] submit_total_speed_cap (res://game/player/motor/player_motor.gd:464)
       [5] test_typed_submission_contract_rejects_mismatched_kinds_scopes_sources_and_vectors (res://tests/player/motor/test_player_motor.gd:236)
       [6] _run_test (res://addons/gut/gut.gd:622)
       [7] _test_the_scripts (res://addons/gut/gut.gd:835)
ERROR: GameLog player.motor.invalid_wall_constraint (step=1 locomotion=player.wall_run.invalid source=player.wall_run.invalid reason=invalid_wall_constraint kind=6)
   at: push_error (core/variant/variant_utility.cpp:1023)
   GDScript backtrace (most recent call first):
       [0] record_invariant (res://game/app/logging/game_log.gd:28)
       [1] _record_rejection (res://game/player/motor/player_motor.gd:1558)
       [2] _reject_submission (res://game/player/motor/player_motor.gd:1492)
       [3] _submit_submission (res://game/player/motor/player_motor.gd:652)
       [4] submit_wall_run_constraint (res://game/player/motor/player_motor.gd:426)
       [5] test_typed_submission_contract_rejects_mismatched_kinds_scopes_sources_and_vectors (res://tests/player/motor/test_player_motor.gd:245)
       [6] _run_test (res://addons/gut/gut.gd:622)
       [7] _test_the_scripts (res://addons/gut/gut.gd:835)
ERROR: GameLog player.motor.duplicate_source (step=1 locomotion=player.test.influence_0 source=player.test.influence_0 reason=duplicate_source kind=4)
   at: push_error (core/variant/variant_utility.cpp:1023)
   GDScript backtrace (most recent call first):
       [0] record_invariant (res://game/app/logging/game_log.gd:28)
       [1] _record_rejection (res://game/player/motor/player_motor.gd:1558)
       [2] _reject_submission (res://game/player/motor/player_motor.gd:1492)
       [3] _submit_submission (res://game/player/motor/player_motor.gd:675)
       [4] submit_sustained_acceleration (res://game/player/motor/player_motor.gd:397)
       [5] test_duplicate_is_reported_before_current_step_capacity_overflow (res://tests/player/motor/test_player_motor.gd:313)
       [6] _run_test (res://addons/gut/gut.gd:622)
       [7] _test_the_scripts (res://addons/gut/gut.gd:835)
ERROR: GameLog player.motor.submission_overflow (step=1 locomotion=player.test.influence_overflow source=player.test.influence_overflow reason=overflow kind=4)
   at: push_error (core/variant/variant_utility.cpp:1023)
   GDScript backtrace (most recent call first):
       [0] record_invariant (res://game/app/logging/game_log.gd:28)
       [1] _record_rejection (res://game/player/motor/player_motor.gd:1558)
       [2] _reject_submission (res://game/player/motor/player_motor.gd:1492)
       [3] _submit_submission (res://game/player/motor/player_motor.gd:684)
       [4] submit_sustained_acceleration (res://game/player/motor/player_motor.gd:397)
       [5] test_duplicate_is_reported_before_current_step_capacity_overflow (res://tests/player/motor/test_player_motor.gd:318)
       [6] _run_test (res://addons/gut/gut.gd:622)
       [7] _test_the_scripts (res://addons/gut/gut.gd:835)
ERROR: GameLog player.motor.invalid_maximum_distance (step=40 locomotion=player.grapple.maximum_distance source=player.grapple.maximum_distance reason=invalid_request kind=9)
   at: push_error (core/variant/variant_utility.cpp:1023)
   GDScript backtrace (most recent call first):
       [0] record_invariant (res://game/app/logging/game_log.gd:28)
       [1] _record_rejection (res://game/player/motor/player_motor.gd:1558)
       [2] _reject_submission (res://game/player/motor/player_motor.gd:1492)
       [3] _submit_submission (res://game/player/motor/player_motor.gd:620)
       [4] submit_maximum_anchor_distance (res://game/player/motor/player_motor.gd:482)
       [5] test_maximum_anchor_distance_kind_is_typed_ordered_and_exclusive (res://tests/player/motor/test_player_motor.gd:382)
       [6] _run_test (res://addons/gut/gut.gd:622)
       [7] _test_the_scripts (res://addons/gut/gut.gd:835)
ERROR: GameLog player.motor.non_finite_value (step=40 locomotion=player.grapple.maximum_distance source=player.grapple.maximum_distance reason=non_finite_value kind=9)
   at: push_error (core/variant/variant_utility.cpp:1023)
   GDScript backtrace (most recent call first):
       [0] record_invariant (res://game/app/logging/game_log.gd:28)
       [1] _record_rejection (res://game/player/motor/player_motor.gd:1558)
       [2] _reject_submission (res://game/player/motor/player_motor.gd:1492)
       [3] _submit_submission (res://game/player/motor/player_motor.gd:640)
       [4] submit_maximum_anchor_distance (res://game/player/motor/player_motor.gd:482)
       [5] test_maximum_anchor_distance_kind_is_typed_ordered_and_exclusive (res://tests/player/motor/test_player_motor.gd:387)
       [6] _run_test (res://addons/gut/gut.gd:622)
       [7] _test_the_scripts (res://addons/gut/gut.gd:835)
ERROR: GameLog player.motor.duplicate_source (step=40 locomotion=player.grapple.maximum_distance source=player.grapple.maximum_distance reason=duplicate_source kind=9)
   at: push_error (core/variant/variant_utility.cpp:1023)
   GDScript backtrace (most recent call first):
       [0] record_invariant (res://game/app/logging/game_log.gd:28)
       [1] _record_rejection (res://game/player/motor/player_motor.gd:1558)
       [2] _reject_submission (res://game/player/motor/player_motor.gd:1492)
       [3] _submit_submission (res://game/player/motor/player_motor.gd:675)
       [4] submit_maximum_anchor_distance (res://game/player/motor/player_motor.gd:482)
       [5] test_maximum_anchor_distance_kind_is_typed_ordered_and_exclusive (res://tests/player/motor/test_player_motor.gd:400)
       [6] _run_test (res://addons/gut/gut.gd:622)
       [7] _test_the_scripts (res://addons/gut/gut.gd:835)
ERROR: GameLog player.motor.exclusive_policy_conflict (step=41 locomotion= source= reason=exclusive_policy_conflict kind=-1)
   at: push_error (core/variant/variant_utility.cpp:1023)
   GDScript backtrace (most recent call first):
       [0] record_invariant (res://game/app/logging/game_log.gd:28)
       [1] _record_rejection (res://game/player/motor/player_motor.gd:1558)
       [2] _reject_result (res://game/player/motor/player_motor.gd:1464)
       [3] resolve_and_commit (res://game/player/motor/player_motor.gd:776)
       [4] test_maximum_anchor_distance_kind_is_typed_ordered_and_exclusive (res://tests/player/motor/test_player_motor.gd:441)
       [5] _run_test (res://addons/gut/gut.gd:622)
       [6] _test_the_scripts (res://addons/gut/gut.gd:835)
ERROR: GameLog player.motor.missing_required_policy (step=4 locomotion= source= reason=missing_required_policy kind=-1)
   at: push_error (core/variant/variant_utility.cpp:1023)
   GDScript backtrace (most recent call first):
       [0] record_invariant (res://game/app/logging/game_log.gd:28)
       [1] _record_rejection (res://game/player/motor/player_motor.gd:1558)
       [2] _reject_result (res://game/player/motor/player_motor.gd:1464)
       [3] resolve_and_commit (res://game/player/motor/player_motor.gd:776)
       [4] test_missing_policy_and_non_monotonic_frames_fail_closed (res://tests/player/motor/test_player_motor.gd:455)
       [5] _run_test (res://addons/gut/gut.gd:622)
       [6] _test_the_scripts (res://addons/gut/gut.gd:835)
ERROR: GameLog player.motor.non_monotonic_step (step=3 locomotion= source= reason=non_monotonic_step kind=-1)
   at: push_error (core/variant/variant_utility.cpp:1023)
   GDScript backtrace (most recent call first):
       [0] record_invariant (res://game/app/logging/game_log.gd:28)
       [1] _record_rejection (res://game/player/motor/player_motor.gd:1558)
       [2] begin_motion_frame (res://game/player/motor/player_motor.gd:314)
       [3] test_missing_policy_and_non_monotonic_frames_fail_closed (res://tests/player/motor/test_player_motor.gd:463)
       [4] _run_test (res://addons/gut/gut.gd:622)
       [5] _test_the_scripts (res://addons/gut/gut.gd:835)
ERROR: GameLog player.motor.duplicate_step (step=4 locomotion= source= reason=duplicate_step kind=-1)
   at: push_error (core/variant/variant_utility.cpp:1023)
   GDScript backtrace (most recent call first):
       [0] record_invariant (res://game/app/logging/game_log.gd:28)
       [1] _record_rejection (res://game/player/motor/player_motor.gd:1558)
       [2] begin_motion_frame (res://game/player/motor/player_motor.gd:322)
       [3] test_missing_policy_and_non_monotonic_frames_fail_closed (res://tests/player/motor/test_player_motor.gd:465)
       [4] _run_test (res://addons/gut/gut.gd:622)
       [5] _test_the_scripts (res://addons/gut/gut.gd:835)
ERROR: GameLog player.motor.non_finite_value (step=1 locomotion=player.wall_stick.invalid_position source=player.wall_stick.invalid_position reason=non_finite_value kind=7)
   at: push_error (core/variant/variant_utility.cpp:1023)
   GDScript backtrace (most recent call first):
       [0] record_invariant (res://game/app/logging/game_log.gd:28)
       [1] _record_rejection (res://game/player/motor/player_motor.gd:1558)
       [2] _reject_submission (res://game/player/motor/player_motor.gd:1492)
       [3] _submit_submission (res://game/player/motor/player_motor.gd:640)
       [4] submit_wall_stick_hold (res://game/player/motor/player_motor.gd:445)
       [5] test_hold_motion_payload_rejects_nonfinite_values (res://tests/player/motor/test_player_motor.gd:538)
       [6] _run_test (res://addons/gut/gut.gd:622)
       [7] _test_the_scripts (res://addons/gut/gut.gd:835)
       [8] _run_test (res://addons/gut/gut.gd:650)
       [9] test_wall_stick_hold_is_motor_owned_and_exclusive (res://tests/player/motor/test_player_motor.gd:497)
ERROR: GameLog player.motor.non_finite_value (step=1 locomotion=player.wall_stick.invalid_tolerance source=player.wall_stick.invalid_tolerance reason=non_finite_value kind=7)
   at: push_error (core/variant/variant_utility.cpp:1023)
   GDScript backtrace (most recent call first):
       [0] record_invariant (res://game/app/logging/game_log.gd:28)
       [1] _record_rejection (res://game/player/motor/player_motor.gd:1558)
       [2] _reject_submission (res://game/player/motor/player_motor.gd:1492)
       [3] _submit_submission (res://game/player/motor/player_motor.gd:640)
       [4] submit_wall_stick_hold (res://game/player/motor/player_motor.gd:445)
       [5] test_hold_motion_payload_rejects_nonfinite_values (res://tests/player/motor/test_player_motor.gd:542)
       [6] _run_test (res://addons/gut/gut.gd:622)
       [7] _test_the_scripts (res://addons/gut/gut.gd:835)
       [8] _run_test (res://addons/gut/gut.gd:650)
       [9] test_wall_stick_hold_is_motor_owned_and_exclusive (res://tests/player/motor/test_player_motor.gd:497)
ERROR: GameLog player.motor.begin_invalid_body (step=1 locomotion= source= reason=invalid_body kind=-1)
   at: push_error (core/variant/variant_utility.cpp:1023)
   GDScript backtrace (most recent call first):
       [0] record_invariant (res://game/app/logging/game_log.gd:28)
       [1] _record_rejection (res://game/player/motor/player_motor.gd:1558)
       [2] begin_motion_frame (res://game/player/motor/player_motor.gd:262)
       [3] test_invalid_body_lifecycle_fails_closed_without_body_operations (res://tests/player/motor/test_player_motor.gd:576)
       [4] _run_test (res://addons/gut/gut.gd:622)
       [5] _test_the_scripts (res://addons/gut/gut.gd:835)
       [6] _run_test (res://addons/gut/gut.gd:650)
       [7] test_wall_stick_hold_is_motor_owned_and_exclusive (res://tests/player/motor/test_player_motor.gd:497)
ERROR: GameLog player.motor.begin_invalid_body (step=1 locomotion= source= reason=invalid_body kind=-1)
   at: push_error (core/variant/variant_utility.cpp:1023)
   GDScript backtrace (most recent call first):
       [0] record_invariant (res://game/app/logging/game_log.gd:28)
       [1] _record_rejection (res://game/player/motor/player_motor.gd:1558)
       [2] begin_motion_frame (res://game/player/motor/player_motor.gd:262)
       [3] test_invalid_body_lifecycle_fails_closed_without_body_operations (res://tests/player/motor/test_player_motor.gd:587)
       [4] _run_test (res://addons/gut/gut.gd:622)
       [5] _test_the_scripts (res://addons/gut/gut.gd:835)
       [6] _run_test (res://addons/gut/gut.gd:650)
       [7] test_wall_stick_hold_is_motor_owned_and_exclusive (res://tests/player/motor/test_player_motor.gd:497)
ERROR: GameLog player.motor.commit_invalid_body (step=-1 locomotion= source= reason=invalid_body kind=-1)
   at: push_error (core/variant/variant_utility.cpp:1023)
   GDScript backtrace (most recent call first):
       [0] record_invariant (res://game/app/logging/game_log.gd:28)
       [1] _record_rejection (res://game/player/motor/player_motor.gd:1558)
       [2] _reject_result (res://game/player/motor/player_motor.gd:1464)
       [3] resolve_and_commit (res://game/player/motor/player_motor.gd:748)
       [4] test_invalid_body_lifecycle_fails_closed_without_body_operations (res://tests/player/motor/test_player_motor.gd:590)
       [5] _run_test (res://addons/gut/gut.gd:622)
       [6] _test_the_scripts (res://addons/gut/gut.gd:835)
       [7] _run_test (res://addons/gut/gut.gd:650)
       [8] test_wall_stick_hold_is_motor_owned_and_exclusive (res://tests/player/motor/test_player_motor.gd:497)
ERROR: GameLog player.motor.duplicate_commit (step=1 locomotion=player.airborne source= reason=duplicate_commit kind=-1)
   at: push_error (core/variant/variant_utility.cpp:1023)
   GDScript backtrace (most recent call first):
       [0] record_invariant (res://game/app/logging/game_log.gd:28)
       [1] _record_rejection (res://game/player/motor/player_motor.gd:1558)
       [2] _reject_result (res://game/player/motor/player_motor.gd:1464)
       [3] resolve_and_commit (res://game/player/motor/player_motor.gd:760)
       [4] test_real_character_body_fixture_returns_bounded_slide_collisions_without_second_commit (res://tests/player/motor/test_player_motor_integration.gd:65)
       [5] _run_test (res://addons/gut/gut.gd:622)
       [6] _test_the_scripts (res://addons/gut/gut.gd:835)
       [7] _run_test (res://addons/gut/gut.gd:650)
       [8] test_wall_stick_hold_is_motor_owned_and_exclusive (res://tests/player/motor/test_player_motor.gd:497)
ERROR: GameLog player.motor.duplicate_active_frame (step=1 locomotion= source= reason=duplicate_step kind=-1)
   at: push_error (core/variant/variant_utility.cpp:1023)
   GDScript backtrace (most recent call first):
       [0] record_invariant (res://game/app/logging/game_log.gd:28)
       [1] _record_rejection (res://game/player/motor/player_motor.gd:1558)
       [2] begin_motion_frame (res://game/player/motor/player_motor.gd:298)
       [3] _physics_process (res://scripts/player_controller.gd:364)
       [4] test_real_player_scene_aborts_an_accepted_request_when_begin_is_rejected (res://tests/player/motor/test_player_motor_integration.gd:138)
       [5] _run_test (res://addons/gut/gut.gd:622)
       [6] _test_the_scripts (res://addons/gut/gut.gd:835)
ERROR: GameLog player.motor.duplicate_occurrence (step=1 locomotion=player.jump.ground source=player.jump.ground reason=duplicate_occurrence kind=5)
   at: push_error (core/variant/variant_utility.cpp:1023)
   GDScript backtrace (most recent call first):
       [0] record_invariant (res://game/app/logging/game_log.gd:28)
       [1] _record_rejection (res://game/player/motor/player_motor.gd:1558)
       [2] _reject_submission (res://game/player/motor/player_motor.gd:1492)
       [3] _submit_submission (res://game/player/motor/player_motor.gd:666)
       [4] submit_one_shot_impulse (res://game/player/motor/player_motor.gd:411)
       [5] test_same_step_sources_fold_deterministically_and_jump_occurrence_is_idempotent (res://tests/player/motor/test_player_motor_semantic_contract.gd:107)
       [6] _run_test (res://addons/gut/gut.gd:622)
       [7] _test_the_scripts (res://addons/gut/gut.gd:835)
ERROR: GameLog player.motor.non_finite_value (step=1 locomotion=player.gravity.invalid source=player.gravity.invalid reason=non_finite_value kind=3)
   at: push_error (core/variant/variant_utility.cpp:1023)
   GDScript backtrace (most recent call first):
       [0] record_invariant (res://game/app/logging/game_log.gd:28)
       [1] _record_rejection (res://game/player/motor/player_motor.gd:1558)
       [2] _reject_submission (res://game/player/motor/player_motor.gd:1492)
       [3] _submit_submission (res://game/player/motor/player_motor.gd:640)
       [4] submit_gravity (res://game/player/motor/player_motor.gd:388)
       [5] test_invalid_contributions_are_isolated_but_structural_conflicts_fail_closed (res://tests/player/motor/test_player_motor_semantic_contract.gd:154)
       [6] _run_test (res://addons/gut/gut.gd:622)
       [7] _test_the_scripts (res://addons/gut/gut.gd:835)
ERROR: GameLog player.motor.empty_source_id (step=1 locomotion= source= reason=empty_source_id kind=4)
   at: push_error (core/variant/variant_utility.cpp:1023)
   GDScript backtrace (most recent call first):
       [0] record_invariant (res://game/app/logging/game_log.gd:28)
       [1] _record_rejection (res://game/player/motor/player_motor.gd:1558)
       [2] _reject_submission (res://game/player/motor/player_motor.gd:1492)
       [3] _submit_submission (res://game/player/motor/player_motor.gd:558)
       [4] submit_sustained_acceleration (res://game/player/motor/player_motor.gd:397)
       [5] test_invalid_contributions_are_isolated_but_structural_conflicts_fail_closed (res://tests/player/motor/test_player_motor_semantic_contract.gd:159)
       [6] _run_test (res://addons/gut/gut.gd:622)
       [7] _test_the_scripts (res://addons/gut/gut.gd:835)
ERROR: GameLog player.motor.duplicate_occurrence (step=1 locomotion=player.jump.ground source=player.jump.ground reason=duplicate_occurrence kind=5)
   at: push_error (core/variant/variant_utility.cpp:1023)
   GDScript backtrace (most recent call first):
       [0] record_invariant (res://game/app/logging/game_log.gd:28)
       [1] _record_rejection (res://game/player/motor/player_motor.gd:1558)
       [2] _reject_submission (res://game/player/motor/player_motor.gd:1492)
       [3] _submit_submission (res://game/player/motor/player_motor.gd:666)
       [4] submit_one_shot_impulse (res://game/player/motor/player_motor.gd:411)
       [5] test_invalid_contributions_are_isolated_but_structural_conflicts_fail_closed (res://tests/player/motor/test_player_motor_semantic_contract.gd:172)
       [6] _run_test (res://addons/gut/gut.gd:622)
       [7] _test_the_scripts (res://addons/gut/gut.gd:835)
ERROR: GameLog player.motor.exclusive_policy_conflict (step=1 locomotion= source= reason=exclusive_policy_conflict kind=-1)
   at: push_error (core/variant/variant_utility.cpp:1023)
   GDScript backtrace (most recent call first):
       [0] record_invariant (res://game/app/logging/game_log.gd:28)
       [1] _record_rejection (res://game/player/motor/player_motor.gd:1558)
       [2] _reject_result (res://game/player/motor/player_motor.gd:1464)
       [3] resolve_and_commit (res://game/player/motor/player_motor.gd:776)
       [4] test_invalid_contributions_are_isolated_but_structural_conflicts_fail_closed (res://tests/player/motor/test_player_motor_semantic_contract.gd:183)
       [5] _run_test (res://addons/gut/gut.gd:622)
       [6] _test_the_scripts (res://addons/gut/gut.gd:835)
ERROR: GameLog player.motor.no_active_motion_frame (step=2 locomotion= source=player.gravity.stale reason=no_active_frame kind=3)
   at: push_error (core/variant/variant_utility.cpp:1023)
   GDScript backtrace (most recent call first):
       [0] record_invariant (res://game/app/logging/game_log.gd:28)
       [1] _record_rejection (res://game/player/motor/player_motor.gd:1558)
       [2] _reject_submission (res://game/player/motor/player_motor.gd:1492)
       [3] _submit_submission (res://game/player/motor/player_motor.gd:514)
       [4] submit_gravity (res://game/player/motor/player_motor.gd:388)
       [5] test_begin_next_step_clears_per_step_facts_and_rejects_stale_submissions (res://tests/player/motor/test_player_motor_semantic_contract.gd:211)
       [6] _run_test (res://addons/gut/gut.gd:622)
       [7] _test_the_scripts (res://addons/gut/gut.gd:835)
WARNING: 8 ObjectDB instances were leaked at exit (run with `--verbose` for details).
   at: cleanup (core/object/object.cpp:2536)
ERROR: 1 resources still in use at exit (run with --verbose for details).
   at: clear (core/io/resource.cpp:822)
