WARNING: Image format RGB8 not supported by hardware, converting to RGBA8.
   at: _validate_texture_format (servers/rendering/renderer_rd/storage_rd/texture_storage.cpp:2855)
WARNING: Image format RGB8 not supported by hardware, converting to RGBA8.
   at: _validate_texture_format (servers/rendering/renderer_rd/storage_rd/texture_storage.cpp:2855)
WARNING: Image format RGB8 not supported by hardware, converting to RGBA8.
   at: _validate_texture_format (servers/rendering/renderer_rd/storage_rd/texture_storage.cpp:2855)
WARNING: Image format RGB8 not supported by hardware, converting to RGBA8.
   at: _validate_texture_format (servers/rendering/renderer_rd/storage_rd/texture_storage.cpp:2855)
WARNING: Image format RGB8 not supported by hardware, converting to RGBA8.
   at: _validate_texture_format (servers/rendering/renderer_rd/storage_rd/texture_storage.cpp:2855)
WARNING: Image format RGB8 not supported by hardware, converting to RGBA8.
   at: _validate_texture_format (servers/rendering/renderer_rd/storage_rd/texture_storage.cpp:2855)
WARNING: Image format RGB8 not supported by hardware, converting to RGBA8.
   at: _validate_texture_format (servers/rendering/renderer_rd/storage_rd/texture_storage.cpp:2855)
WARNING: Image format RGB8 not supported by hardware, converting to RGBA8.
   at: _validate_texture_format (servers/rendering/renderer_rd/storage_rd/texture_storage.cpp:2855)
WARNING: Image format RGB8 not supported by hardware, converting to RGBA8.
   at: _validate_texture_format (servers/rendering/renderer_rd/storage_rd/texture_storage.cpp:2855)
WARNING: Image format RGB8 not supported by hardware, converting to RGBA8.
   at: _validate_texture_format (servers/rendering/renderer_rd/storage_rd/texture_storage.cpp:2855)
WARNING: Image format RGB8 not supported by hardware, converting to RGBA8.
   at: _validate_texture_format (servers/rendering/renderer_rd/storage_rd/texture_storage.cpp:2855)
WARNING: Image format RGB8 not supported by hardware, converting to RGBA8.
   at: _validate_texture_format (servers/rendering/renderer_rd/storage_rd/texture_storage.cpp:2855)
WARNING: Image format RGB8 not supported by hardware, converting to RGBA8.
   at: _validate_texture_format (servers/rendering/renderer_rd/storage_rd/texture_storage.cpp:2855)
WARNING: Image format RGB8 not supported by hardware, converting to RGBA8.
   at: _validate_texture_format (servers/rendering/renderer_rd/storage_rd/texture_storage.cpp:2855)
WARNING: Image format RGB8 not supported by hardware, converting to RGBA8.
   at: _validate_texture_format (servers/rendering/renderer_rd/storage_rd/texture_storage.cpp:2855)
WARNING: Image format RGB8 not supported by hardware, converting to RGBA8.
   at: _validate_texture_format (servers/rendering/renderer_rd/storage_rd/texture_storage.cpp:2855)
WARNING: Image format RGB8 not supported by hardware, converting to RGBA8.
   at: _validate_texture_format (servers/rendering/renderer_rd/storage_rd/texture_storage.cpp:2855)
WARNING: Image format RGB8 not supported by hardware, converting to RGBA8.
   at: _validate_texture_format (servers/rendering/renderer_rd/storage_rd/texture_storage.cpp:2855)
WARNING: Image format RGB8 not supported by hardware, converting to RGBA8.
   at: _validate_texture_format (servers/rendering/renderer_rd/storage_rd/texture_storage.cpp:2855)
WARNING: 1 RID of type "CanvasItem" was leaked.
   at: _free_rids (servers/rendering/renderer_canvas_cull.cpp:2733)
WARNING: 2 RIDs of type "Texture" were leaked.
   at: finalize (servers/rendering/rendering_device.cpp:8900)
WARNING: 3 ObjectDB instances were leaked at exit (run with `--verbose` for details).
   at: cleanup (core/object/object.cpp:2536)
ERROR: Cannot get path of node as it is not in a scene tree.
   at: get_path (scene/main/node.cpp:2431)
ERROR: 1 resources still in use at exit.
   at: clear (core/io/resource.cpp:817)
